Archive member included to satisfy reference by file (symbol)

c:/st/stm32cubeide_1.8.0/stm32cubeide/plugins/com.st.stm32cube.ide.mcu.externaltools.gnu-tools-for-stm32.10.3-2021.10.win32_1.0.0.202111181127/tools/bin/../lib/gcc/arm-none-eabi/10.3.1/../../../../arm-none-eabi/lib/thumb/v6-m/nofp\libc_nano.a(lib_a-errno.o)
                              ./Core/Src/syscalls.o (__errno)
c:/st/stm32cubeide_1.8.0/stm32cubeide/plugins/com.st.stm32cube.ide.mcu.externaltools.gnu-tools-for-stm32.10.3-2021.10.win32_1.0.0.202111181127/tools/bin/../lib/gcc/arm-none-eabi/10.3.1/../../../../arm-none-eabi/lib/thumb/v6-m/nofp\libc_nano.a(lib_a-exit.o)
                              c:/st/stm32cubeide_1.8.0/stm32cubeide/plugins/com.st.stm32cube.ide.mcu.externaltools.gnu-tools-for-stm32.10.3-2021.10.win32_1.0.0.202111181127/tools/bin/../lib/gcc/arm-none-eabi/10.3.1/../../../../arm-none-eabi/lib/thumb/v6-m/nofp/crt0.o (exit)
c:/st/stm32cubeide_1.8.0/stm32cubeide/plugins/com.st.stm32cube.ide.mcu.externaltools.gnu-tools-for-stm32.10.3-2021.10.win32_1.0.0.202111181127/tools/bin/../lib/gcc/arm-none-eabi/10.3.1/../../../../arm-none-eabi/lib/thumb/v6-m/nofp\libc_nano.a(lib_a-impure.o)
                              c:/st/stm32cubeide_1.8.0/stm32cubeide/plugins/com.st.stm32cube.ide.mcu.externaltools.gnu-tools-for-stm32.10.3-2021.10.win32_1.0.0.202111181127/tools/bin/../lib/gcc/arm-none-eabi/10.3.1/../../../../arm-none-eabi/lib/thumb/v6-m/nofp\libc_nano.a(lib_a-exit.o) (_global_impure_ptr)
c:/st/stm32cubeide_1.8.0/stm32cubeide/plugins/com.st.stm32cube.ide.mcu.externaltools.gnu-tools-for-stm32.10.3-2021.10.win32_1.0.0.202111181127/tools/bin/../lib/gcc/arm-none-eabi/10.3.1/../../../../arm-none-eabi/lib/thumb/v6-m/nofp\libc_nano.a(lib_a-init.o)
                              c:/st/stm32cubeide_1.8.0/stm32cubeide/plugins/com.st.stm32cube.ide.mcu.externaltools.gnu-tools-for-stm32.10.3-2021.10.win32_1.0.0.202111181127/tools/bin/../lib/gcc/arm-none-eabi/10.3.1/../../../../arm-none-eabi/lib/thumb/v6-m/nofp/crt0.o (__libc_init_array)
c:/st/stm32cubeide_1.8.0/stm32cubeide/plugins/com.st.stm32cube.ide.mcu.externaltools.gnu-tools-for-stm32.10.3-2021.10.win32_1.0.0.202111181127/tools/bin/../lib/gcc/arm-none-eabi/10.3.1/../../../../arm-none-eabi/lib/thumb/v6-m/nofp\libc_nano.a(lib_a-memset.o)
                              c:/st/stm32cubeide_1.8.0/stm32cubeide/plugins/com.st.stm32cube.ide.mcu.externaltools.gnu-tools-for-stm32.10.3-2021.10.win32_1.0.0.202111181127/tools/bin/../lib/gcc/arm-none-eabi/10.3.1/../../../../arm-none-eabi/lib/thumb/v6-m/nofp/crt0.o (memset)
c:/st/stm32cubeide_1.8.0/stm32cubeide/plugins/com.st.stm32cube.ide.mcu.externaltools.gnu-tools-for-stm32.10.3-2021.10.win32_1.0.0.202111181127/tools/bin/../lib/gcc/arm-none-eabi/10.3.1/thumb/v6-m/nofp\libgcc.a(_udivsi3.o)
                              ./Core/Src/system_stm32f0xx.o (__aeabi_uidiv)
c:/st/stm32cubeide_1.8.0/stm32cubeide/plugins/com.st.stm32cube.ide.mcu.externaltools.gnu-tools-for-stm32.10.3-2021.10.win32_1.0.0.202111181127/tools/bin/../lib/gcc/arm-none-eabi/10.3.1/thumb/v6-m/nofp\libgcc.a(_dvmd_tls.o)
                              c:/st/stm32cubeide_1.8.0/stm32cubeide/plugins/com.st.stm32cube.ide.mcu.externaltools.gnu-tools-for-stm32.10.3-2021.10.win32_1.0.0.202111181127/tools/bin/../lib/gcc/arm-none-eabi/10.3.1/thumb/v6-m/nofp\libgcc.a(_udivsi3.o) (__aeabi_idiv0)

Discarded input sections

 .text          0x0000000000000000        0x0 c:/st/stm32cubeide_1.8.0/stm32cubeide/plugins/com.st.stm32cube.ide.mcu.externaltools.gnu-tools-for-stm32.10.3-2021.10.win32_1.0.0.202111181127/tools/bin/../lib/gcc/arm-none-eabi/10.3.1/thumb/v6-m/nofp/crti.o
 .data          0x0000000000000000        0x0 c:/st/stm32cubeide_1.8.0/stm32cubeide/plugins/com.st.stm32cube.ide.mcu.externaltools.gnu-tools-for-stm32.10.3-2021.10.win32_1.0.0.202111181127/tools/bin/../lib/gcc/arm-none-eabi/10.3.1/thumb/v6-m/nofp/crti.o
 .bss           0x0000000000000000        0x0 c:/st/stm32cubeide_1.8.0/stm32cubeide/plugins/com.st.stm32cube.ide.mcu.externaltools.gnu-tools-for-stm32.10.3-2021.10.win32_1.0.0.202111181127/tools/bin/../lib/gcc/arm-none-eabi/10.3.1/thumb/v6-m/nofp/crti.o
 .data          0x0000000000000000        0x4 c:/st/stm32cubeide_1.8.0/stm32cubeide/plugins/com.st.stm32cube.ide.mcu.externaltools.gnu-tools-for-stm32.10.3-2021.10.win32_1.0.0.202111181127/tools/bin/../lib/gcc/arm-none-eabi/10.3.1/thumb/v6-m/nofp/crtbegin.o
 .rodata        0x0000000000000000       0x24 c:/st/stm32cubeide_1.8.0/stm32cubeide/plugins/com.st.stm32cube.ide.mcu.externaltools.gnu-tools-for-stm32.10.3-2021.10.win32_1.0.0.202111181127/tools/bin/../lib/gcc/arm-none-eabi/10.3.1/thumb/v6-m/nofp/crtbegin.o
 .text          0x0000000000000000       0x80 c:/st/stm32cubeide_1.8.0/stm32cubeide/plugins/com.st.stm32cube.ide.mcu.externaltools.gnu-tools-for-stm32.10.3-2021.10.win32_1.0.0.202111181127/tools/bin/../lib/gcc/arm-none-eabi/10.3.1/../../../../arm-none-eabi/lib/thumb/v6-m/nofp/crt0.o
[...]
Memory Configuration

Name             Origin             Length             Attributes
RAM              0x0000000020000000 0x0000000000002000 xrw
FLASH            0x0000000008000000 0x0000000000010000 xr
*default*        0x0000000000000000 0xffffffffffffffff

Linker script and memory map

LOAD c:/st/stm32cubeide_1.8.0/stm32cubeide/plugins/com.st.stm32cube.ide.mcu.externaltools.gnu-tools-for-stm32.10.3-2021.10.win32_1.0.0.202111181127/tools/bin/../lib/gcc/arm-none-eabi/10.3.1/thumb/v6-m/nofp/crti.o
LOAD c:/st/stm32cubeide_1.8.0/stm32cubeide/plugins/com.st.stm32cube.ide.mcu.externaltools.gnu-tools-for-stm32.10.3-2021.10.win32_1.0.0.202111181127/tools/bin/../lib/gcc/arm-none-eabi/10.3.1/thumb/v6-m/nofp/crtbegin.o
LOAD c:/st/stm32cubeide_1.8.0/stm32cubeide/plugins/com.st.stm32cube.ide.mcu.externaltools.gnu-tools-for-stm32.10.3-2021.10.win32_1.0.0.202111181127/tools/bin/../lib/gcc/arm-none-eabi/10.3.1/../../../../arm-none-eabi/lib/thumb/v6-m/nofp/crt0.o
LOAD ./Core/Src/adc.o
LOAD ./Core/Src/dma.o
LOAD ./Core/Src/gpio.o
LOAD ./Core/Src/main.o
LOAD ./Core/Src/stm32f0xx_hal_msp.o
LOAD ./Core/Src/stm32f0xx_it.o
LOAD ./Core/Src/syscalls.o
LOAD ./Core/Src/sysmem.o
LOAD ./Core/Src/system_stm32f0xx.o
LOAD ./Core/Src/usart.o
LOAD ./Core/Startup/startup_stm32f030r8tx.o
LOAD ./Drivers/STM32F0xx_HAL_Driver/Src/stm32f0xx_hal.o
LOAD ./Drivers/STM32F0xx_HAL_Driver/Src/stm32f0xx_hal_adc.o
LOAD ./Drivers/STM32F0xx_HAL_Driver/Src/stm32f0xx_hal_adc_ex.o
LOAD ./Drivers/STM32F0xx_HAL_Driver/Src/stm32f0xx_hal_cortex.o
LOAD ./Drivers/STM32F0xx_HAL_Driver/Src/stm32f0xx_hal_dma.o
LOAD ./Drivers/STM32F0xx_HAL_Driver/Src/stm32f0xx_hal_exti.o
LOAD ./Drivers/STM32F0xx_HAL_Driver/Src/stm32f0xx_hal_flash.o
LOAD ./Drivers/STM32F0xx_HAL_Driver/Src/stm32f0xx_hal_flash_ex.o
LOAD ./Drivers/STM32F0xx_HAL_Driver/Src/stm32f0xx_hal_gpio.o
LOAD ./Drivers/STM32F0xx_HAL_Driver/Src/stm32f0xx_hal_i2c.o
LOAD ./Drivers/STM32F0xx_HAL_Driver/Src/stm32f0xx_hal_i2c_ex.o
LOAD ./Drivers/STM32F0xx_HAL_Driver/Src/stm32f0xx_hal_pwr.o
LOAD ./Drivers/STM32F0xx_HAL_Driver/Src/stm32f0xx_hal_pwr_ex.o
LOAD ./Drivers/STM32F0xx_HAL_Driver/Src/stm32f0xx_hal_rcc.o
LOAD ./Drivers/STM32F0xx_HAL_Driver/Src/stm32f0xx_hal_rcc_ex.o
LOAD ./Drivers/STM32F0xx_HAL_Driver/Src/stm32f0xx_hal_tim.o
LOAD ./Drivers/STM32F0xx_HAL_Driver/Src/stm32f0xx_hal_tim_ex.o
LOAD ./Drivers/STM32F0xx_HAL_Driver/Src/stm32f0xx_hal_uart.o
LOAD ./Drivers/STM32F0xx_HAL_Driver/Src/stm32f0xx_hal_uart_ex.o
START GROUP
LOAD c:/st/stm32cubeide_1.8.0/stm32cubeide/plugins/com.st.stm32cube.ide.mcu.externaltools.gnu-tools-for-stm32.10.3-2021.10.win32_1.0.0.202111181127/tools/bin/../lib/gcc/arm-none-eabi/10.3.1/../../../../arm-none-eabi/lib/thumb/v6-m/nofp\libc_nano.a
LOAD c:/st/stm32cubeide_1.8.0/stm32cubeide/plugins/com.st.stm32cube.ide.mcu.externaltools.gnu-tools-for-stm32.10.3-2021.10.win32_1.0.0.202111181127/tools/bin/../lib/gcc/arm-none-eabi/10.3.1/../../../../arm-none-eabi/lib/thumb/v6-m/nofp\libm.a
END GROUP
START GROUP
LOAD c:/st/stm32cubeide_1.8.0/stm32cubeide/plugins/com.st.stm32cube.ide.mcu.externaltools.gnu-tools-for-stm32.10.3-2021.10.win32_1.0.0.202111181127/tools/bin/../lib/gcc/arm-none-eabi/10.3.1/thumb/v6-m/nofp\libgcc.a
LOAD c:/st/stm32cubeide_1.8.0/stm32cubeide/plugins/com.st.stm32cube.ide.mcu.externaltools.gnu-tools-for-stm32.10.3-2021.10.win32_1.0.0.202111181127/tools/bin/../lib/gcc/arm-none-eabi/10.3.1/../../../../arm-none-eabi/lib/thumb/v6-m/nofp\libc_nano.a
END GROUP
START GROUP
LOAD c:/st/stm32cubeide_1.8.0/stm32cubeide/plugins/com.st.stm32cube.ide.mcu.externaltools.gnu-tools-for-stm32.10.3-2021.10.win32_1.0.0.202111181127/tools/bin/../lib/gcc/arm-none-eabi/10.3.1/thumb/v6-m/nofp\libgcc.a
LOAD c:/st/stm32cubeide_1.8.0/stm32cubeide/plugins/com.st.stm32cube.ide.mcu.externaltools.gnu-tools-for-stm32.10.3-2021.10.win32_1.0.0.202111181127/tools/bin/../lib/gcc/arm-none-eabi/10.3.1/../../../../arm-none-eabi/lib/thumb/v6-m/nofp\libc_nano.a
LOAD c:/st/stm32cubeide_1.8.0/stm32cubeide/plugins/com.st.stm32cube.ide.mcu.externaltools.gnu-tools-for-stm32.10.3-2021.10.win32_1.0.0.202111181127/tools/bin/../lib/gcc/arm-none-eabi/10.3.1/../../../../arm-none-eabi/lib/thumb/v6-m/nofp\libnosys.a
END GROUP
START GROUP
LOAD c:/st/stm32cubeide_1.8.0/stm32cubeide/plugins/com.st.stm32cube.ide.mcu.externaltools.gnu-tools-for-stm32.10.3-2021.10.win32_1.0.0.202111181127/tools/bin/../lib/gcc/arm-none-eabi/10.3.1/thumb/v6-m/nofp\libgcc.a
LOAD c:/st/stm32cubeide_1.8.0/stm32cubeide/plugins/com.st.stm32cube.ide.mcu.externaltools.gnu-tools-for-stm32.10.3-2021.10.win32_1.0.0.202111181127/tools/bin/../lib/gcc/arm-none-eabi/10.3.1/../../../../arm-none-eabi/lib/thumb/v6-m/nofp\libc_nano.a
LOAD c:/st/stm32cubeide_1.8.0/stm32cubeide/plugins/com.st.stm32cube.ide.mcu.externaltools.gnu-tools-for-stm32.10.3-2021.10.win32_1.0.0.202111181127/tools/bin/../lib/gcc/arm-none-eabi/10.3.1/../../../../arm-none-eabi/lib/thumb/v6-m/nofp\libnosys.a
END GROUP
LOAD c:/st/stm32cubeide_1.8.0/stm32cubeide/plugins/com.st.stm32cube.ide.mcu.externaltools.gnu-tools-for-stm32.10.3-2021.10.win32_1.0.0.202111181127/tools/bin/../lib/gcc/arm-none-eabi/10.3.1/thumb/v6-m/nofp/crtend.o
LOAD c:/st/stm32cubeide_1.8.0/stm32cubeide/plugins/com.st.stm32cube.ide.mcu.externaltools.gnu-tools-for-stm32.10.3-2021.10.win32_1.0.0.202111181127/tools/bin/../lib/gcc/arm-none-eabi/10.3.1/thumb/v6-m/nofp/crtn.o
                0x0000000020002000                _estack = (ORIGIN (RAM) + LENGTH (RAM))
                0x0000000000000200                _Min_Heap_Size = 0x200
                0x0000000000000400                _Min_Stack_Size = 0x400

.isr_vector     0x0000000008000000       0xc0
                0x0000000008000000                . = ALIGN (0x4)
 *(.isr_vector)
 .isr_vector    0x0000000008000000       0xc0 ./Core/Startup/startup_stm32f030r8tx.o
                0x0000000008000000                g_pfnVectors
                0x00000000080000c0                . = ALIGN (0x4)

.text           0x00000000080000c0     0x352c
                0x00000000080000c0                . = ALIGN (0x4)
 *(.text)
 .text          0x00000000080000c0       0x48 c:/st/stm32cubeide_1.8.0/stm32cubeide/plugins/com.st.stm32cube.ide.mcu.externaltools.gnu-tools-for-stm32.10.3-2021.10.win32_1.0.0.202111181127/tools/bin/../lib/gcc/arm-none-eabi/10.3.1/thumb/v6-m/nofp/crtbegin.o
 .text          0x0000000008000108      0x114 c:/st/stm32cubeide_1.8.0/stm32cubeide/plugins/com.st.stm32cube.ide.mcu.externaltools.gnu-tools-for-stm32.10.3-2021.10.win32_1.0.0.202111181127/tools/bin/../lib/gcc/arm-none-eabi/10.3.1/thumb/v6-m/nofp\libgcc.a(_udivsi3.o)
                0x0000000008000108                __aeabi_uidiv
                0x0000000008000108                __udivsi3
                0x0000000008000214                __aeabi_uidivmod
 .text          0x000000000800021c        0x4 c:/st/stm32cubeide_1.8.0/stm32cubeide/plugins/com.st.stm32cube.ide.mcu.externaltools.gnu-tools-for-stm32.10.3-2021.10.win32_1.0.0.202111181127/tools/bin/../lib/gcc/arm-none-eabi/10.3.1/thumb/v6-m/nofp\libgcc.a(_dvmd_tls.o)
                0x000000000800021c                __aeabi_idiv0
                0x000000000800021c                __aeabi_ldiv0
 *(.text*)
 .text.MX_ADC_Init
                0x0000000008000220       0xb8 ./Core/Src/adc.o
                0x0000000008000220                MX_ADC_Init
 .text.HAL_ADC_MspInit
                0x00000000080002d8       0x8c ./Core/Src/adc.o
                0x00000000080002d8                HAL_ADC_MspInit
 .text.MX_DMA_Init
                0x0000000008000364       0x3c ./Core/Src/dma.o
                0x0000000008000364                MX_DMA_Init
 .text.MX_GPIO_Init
                0x00000000080003a0       0x94 ./Core/Src/gpio.o
                0x00000000080003a0                MX_GPIO_Init
 .text.main     0x0000000008000434       0x50 ./Core/Src/main.o
                0x0000000008000434                main
 .text.SystemClock_Config
                0x0000000008000484       0xce ./Core/Src/main.o
                0x0000000008000484                SystemClock_Config
 *fill*         0x0000000008000552        0x2 
 .text.sicaklikOlc
                0x0000000008000554       0x44 ./Core/Src/main.o
                0x0000000008000554                sicaklikOlc
 .text.sendData
                0x0000000008000598       0x60 ./Core/Src/main.o
                0x0000000008000598                sendData
 .text.Error_Handler
                0x00000000080005f8        0xa ./Core/Src/main.o
                0x00000000080005f8                Error_Handler
 *fill*         0x0000000008000602        0x2 
 .text.HAL_MspInit
                0x0000000008000604       0x48 ./Core/Src/stm32f0xx_hal_msp.o
                0x0000000008000604                HAL_MspInit
 .text.NMI_Handler
                0x000000000800064c        0x6 ./Core/Src/stm32f0xx_it.o
                0x000000000800064c                NMI_Handler
 .text.HardFault_Handler
                0x0000000008000652        0x6 ./Core/Src/stm32f0xx_it.o
                0x0000000008000652                HardFault_Handler
 .text.SVC_Handler
                0x0000000008000658        0xa ./Core/Src/stm32f0xx_it.o
                0x0000000008000658                SVC_Handler
 .text.PendSV_Handler
                0x0000000008000662        0xa ./Core/Src/stm32f0xx_it.o
                0x0000000008000662                PendSV_Handler
 .text.SysTick_Handler
                0x000000000800066c        0xe ./Core/Src/stm32f0xx_it.o
                0x000000000800066c                SysTick_Handler
 *fill*         0x000000000800067a        0x2 
 .text.DMA1_Channel2_3_IRQHandler
                0x000000000800067c       0x18 ./Core/Src/stm32f0xx_it.o
                0x000000000800067c                DMA1_Channel2_3_IRQHandler
 .text.USART1_IRQHandler
                0x0000000008000694       0x18 ./Core/Src/stm32f0xx_it.o
                0x0000000008000694                USART1_IRQHandler
 .text.SystemInit
                0x00000000080006ac        0xa ./Core/Src/system_stm32f0xx.o
                0x00000000080006ac                SystemInit
 *fill*         0x00000000080006b6        0x2 
 .text.MX_USART1_UART_Init
                0x00000000080006b8       0x60 ./Core/Src/usart.o
                0x00000000080006b8                MX_USART1_UART_Init
 .text.HAL_UART_MspInit
                0x0000000008000718      0x100 ./Core/Src/usart.o
                0x0000000008000718                HAL_UART_MspInit
 .text.Reset_Handler
                0x0000000008000818       0x50 ./Core/Startup/startup_stm32f030r8tx.o
                0x0000000008000818                Reset_Handler
 .text.Default_Handler
                0x0000000008000868        0x2 ./Core/Startup/startup_stm32f030r8tx.o
                0x0000000008000868                TIM1_CC_IRQHandler
                0x0000000008000868                TIM6_IRQHandler
                0x0000000008000868                I2C1_IRQHandler
                0x0000000008000868                SPI1_IRQHandler
                0x0000000008000868                EXTI2_3_IRQHandler
                0x0000000008000868                ADC1_IRQHandler
                0x0000000008000868                I2C2_IRQHandler
                0x0000000008000868                TIM17_IRQHandler
                0x0000000008000868                RTC_IRQHandler
                0x0000000008000868                TIM16_IRQHandler
                0x0000000008000868                TIM3_IRQHandler
                0x0000000008000868                EXTI4_15_IRQHandler
                0x0000000008000868                RCC_IRQHandler
                0x0000000008000868                DMA1_Channel1_IRQHandler
                0x0000000008000868                Default_Handler
                0x0000000008000868                TIM14_IRQHandler
                0x0000000008000868                DMA1_Channel4_5_IRQHandler
                0x0000000008000868                TIM15_IRQHandler
                0x0000000008000868                EXTI0_1_IRQHandler
                0x0000000008000868                SPI2_IRQHandler
                0x0000000008000868                WWDG_IRQHandler
                0x0000000008000868                USART2_IRQHandler
                0x0000000008000868                FLASH_IRQHandler
                0x0000000008000868                TIM1_BRK_UP_TRG_COM_IRQHandler
 *fill*         0x000000000800086a        0x2 
 .text.HAL_Init
                0x000000000800086c       0x28 ./Drivers/STM32F0xx_HAL_Driver/Src/stm32f0xx_hal.o
                0x000000000800086c                HAL_Init
 .text.HAL_InitTick
                0x0000000008000894       0x68 ./Drivers/STM32F0xx_HAL_Driver/Src/stm32f0xx_hal.o
                0x0000000008000894                HAL_InitTick
 .text.HAL_IncTick
                0x00000000080008fc       0x24 ./Drivers/STM32F0xx_HAL_Driver/Src/stm32f0xx_hal.o
                0x00000000080008fc                HAL_IncTick
 .text.HAL_GetTick
                0x0000000008000920       0x14 ./Drivers/STM32F0xx_HAL_Driver/Src/stm32f0xx_hal.o
                0x0000000008000920                HAL_GetTick
 .text.HAL_Delay
                0x0000000008000934       0x48 ./Drivers/STM32F0xx_HAL_Driver/Src/stm32f0xx_hal.o
                0x0000000008000934                HAL_Delay
 .text.HAL_ADC_Init
                0x000000000800097c      0x280 ./Drivers/STM32F0xx_HAL_Driver/Src/stm32f0xx_hal_adc.o
                0x000000000800097c                HAL_ADC_Init
 .text.HAL_ADC_Start
                0x0000000008000bfc       0xa8 ./Drivers/STM32F0xx_HAL_Driver/Src/stm32f0xx_hal_adc.o
                0x0000000008000bfc                HAL_ADC_Start
 .text.HAL_ADC_Stop
                0x0000000008000ca4       0x80 ./Drivers/STM32F0xx_HAL_Driver/Src/stm32f0xx_hal_adc.o
                0x0000000008000ca4                HAL_ADC_Stop
 .text.HAL_ADC_PollForConversion
                0x0000000008000d24      0x130 ./Drivers/STM32F0xx_HAL_Driver/Src/stm32f0xx_hal_adc.o
                0x0000000008000d24                HAL_ADC_PollForConversion
 .text.HAL_ADC_GetValue
                0x0000000008000e54       0x16 ./Drivers/STM32F0xx_HAL_Driver/Src/stm32f0xx_hal_adc.o
                0x0000000008000e54                HAL_ADC_GetValue
 *fill*         0x0000000008000e6a        0x2 
 .text.HAL_ADC_ConfigChannel
                0x0000000008000e6c      0x1ec ./Drivers/STM32F0xx_HAL_Driver/Src/stm32f0xx_hal_adc.o
                0x0000000008000e6c                HAL_ADC_ConfigChannel
 .text.ADC_Enable
                0x0000000008001058      0x108 ./Drivers/STM32F0xx_HAL_Driver/Src/stm32f0xx_hal_adc.o
 .text.ADC_Disable
                0x0000000008001160       0xe2 ./Drivers/STM32F0xx_HAL_Driver/Src/stm32f0xx_hal_adc.o
 .text.ADC_ConversionStop
                0x0000000008001242       0x98 ./Drivers/STM32F0xx_HAL_Driver/Src/stm32f0xx_hal_adc.o
 *fill*         0x00000000080012da        0x2 
 .text.HAL_ADCEx_Calibration_Start
                0x00000000080012dc      0x150 ./Drivers/STM32F0xx_HAL_Driver/Src/stm32f0xx_hal_adc_ex.o
                0x00000000080012dc                HAL_ADCEx_Calibration_Start
 .text.__NVIC_EnableIRQ
                0x000000000800142c       0x34 ./Drivers/STM32F0xx_HAL_Driver/Src/stm32f0xx_hal_cortex.o
 .text.__NVIC_SetPriority
                0x0000000008001460       0xdc ./Drivers/STM32F0xx_HAL_Driver/Src/stm32f0xx_hal_cortex.o
 .text.SysTick_Config
                0x000000000800153c       0x48 ./Drivers/STM32F0xx_HAL_Driver/Src/stm32f0xx_hal_cortex.o
 .text.HAL_NVIC_SetPriority
                0x0000000008001584       0x2a ./Drivers/STM32F0xx_HAL_Driver/Src/stm32f0xx_hal_cortex.o
                0x0000000008001584                HAL_NVIC_SetPriority
 .text.HAL_NVIC_EnableIRQ
                0x00000000080015ae       0x20 ./Drivers/STM32F0xx_HAL_Driver/Src/stm32f0xx_hal_cortex.o
                0x00000000080015ae                HAL_NVIC_EnableIRQ
 .text.HAL_SYSTICK_Config
                0x00000000080015ce       0x1a ./Drivers/STM32F0xx_HAL_Driver/Src/stm32f0xx_hal_cortex.o
                0x00000000080015ce                HAL_SYSTICK_Config
 .text.HAL_DMA_Init
                0x00000000080015e8       0x90 ./Drivers/STM32F0xx_HAL_Driver/Src/stm32f0xx_hal_dma.o
                0x00000000080015e8                HAL_DMA_Init
 .text.HAL_DMA_Abort
                0x0000000008001678       0x70 ./Drivers/STM32F0xx_HAL_Driver/Src/stm32f0xx_hal_dma.o
                0x0000000008001678                HAL_DMA_Abort
 .text.HAL_DMA_Abort_IT
                0x00000000080016e8       0x8a ./Drivers/STM32F0xx_HAL_Driver/Src/stm32f0xx_hal_dma.o
                0x00000000080016e8                HAL_DMA_Abort_IT
 .text.HAL_DMA_IRQHandler
                0x0000000008001772      0x144 ./Drivers/STM32F0xx_HAL_Driver/Src/stm32f0xx_hal_dma.o
                0x0000000008001772                HAL_DMA_IRQHandler
 *fill*         0x00000000080018b6        0x2 
 .text.DMA_CalcBaseAndBitshift
                0x00000000080018b8       0x38 ./Drivers/STM32F0xx_HAL_Driver/Src/stm32f0xx_hal_dma.o
 .text.HAL_GPIO_Init
                0x00000000080018f0      0x2e0 ./Drivers/STM32F0xx_HAL_Driver/Src/stm32f0xx_hal_gpio.o
                0x00000000080018f0                HAL_GPIO_Init
 .text.HAL_GPIO_WritePin
                0x0000000008001bd0       0x3a ./Drivers/STM32F0xx_HAL_Driver/Src/stm32f0xx_hal_gpio.o
                0x0000000008001bd0                HAL_GPIO_WritePin
 *fill*         0x0000000008001c0a        0x2 
 .text.HAL_RCC_OscConfig
                0x0000000008001c0c      0x634 ./Drivers/STM32F0xx_HAL_Driver/Src/stm32f0xx_hal_rcc.o
                0x0000000008001c0c                HAL_RCC_OscConfig
 .text.HAL_RCC_ClockConfig
                0x0000000008002240      0x19c ./Drivers/STM32F0xx_HAL_Driver/Src/stm32f0xx_hal_rcc.o
                0x0000000008002240                HAL_RCC_ClockConfig
 .text.HAL_RCC_GetSysClockFreq
                0x00000000080023dc       0xc8 ./Drivers/STM32F0xx_HAL_Driver/Src/stm32f0xx_hal_rcc.o
                0x00000000080023dc                HAL_RCC_GetSysClockFreq
 .text.HAL_RCC_GetHCLKFreq
                0x00000000080024a4       0x14 ./Drivers/STM32F0xx_HAL_Driver/Src/stm32f0xx_hal_rcc.o
                0x00000000080024a4                HAL_RCC_GetHCLKFreq
 .text.HAL_RCC_GetPCLK1Freq
                0x00000000080024b8       0x2c ./Drivers/STM32F0xx_HAL_Driver/Src/stm32f0xx_hal_rcc.o
                0x00000000080024b8                HAL_RCC_GetPCLK1Freq
 .text.HAL_RCCEx_PeriphCLKConfig
                0x00000000080024e4      0x19c ./Drivers/STM32F0xx_HAL_Driver/Src/stm32f0xx_hal_rcc_ex.o
                0x00000000080024e4                HAL_RCCEx_PeriphCLKConfig
 .text.HAL_UART_Init
                0x0000000008002680       0xa8 ./Drivers/STM32F0xx_HAL_Driver/Src/stm32f0xx_hal_uart.o
                0x0000000008002680                HAL_UART_Init
 .text.HAL_UART_Transmit
                0x0000000008002728      0x152 ./Drivers/STM32F0xx_HAL_Driver/Src/stm32f0xx_hal_uart.o
                0x0000000008002728                HAL_UART_Transmit
 *fill*         0x000000000800287a        0x2 
 .text.HAL_UART_IRQHandler
                0x000000000800287c      0x580 ./Drivers/STM32F0xx_HAL_Driver/Src/stm32f0xx_hal_uart.o
                0x000000000800287c                HAL_UART_IRQHandler
 .text.HAL_UART_TxCpltCallback
                0x0000000008002dfc       0x10 ./Drivers/STM32F0xx_HAL_Driver/Src/stm32f0xx_hal_uart.o
                0x0000000008002dfc                HAL_UART_TxCpltCallback
 .text.HAL_UART_ErrorCallback
                0x0000000008002e0c       0x10 ./Drivers/STM32F0xx_HAL_Driver/Src/stm32f0xx_hal_uart.o
                0x0000000008002e0c                HAL_UART_ErrorCallback
 .text.HAL_UARTEx_RxEventCallback
                0x0000000008002e1c       0x16 ./Drivers/STM32F0xx_HAL_Driver/Src/stm32f0xx_hal_uart.o
                0x0000000008002e1c                HAL_UARTEx_RxEventCallback
 *fill*         0x0000000008002e32        0x2 
 .text.UART_SetConfig
                0x0000000008002e34      0x280 ./Drivers/STM32F0xx_HAL_Driver/Src/stm32f0xx_hal_uart.o
                0x0000000008002e34                UART_SetConfig
 .text.UART_AdvFeatureConfig
                0x00000000080030b4      0x168 ./Drivers/STM32F0xx_HAL_Driver/Src/stm32f0xx_hal_uart.o
                0x00000000080030b4                UART_AdvFeatureConfig
 .text.UART_CheckIdleState
                0x000000000800321c       0x90 ./Drivers/STM32F0xx_HAL_Driver/Src/stm32f0xx_hal_uart.o
                0x000000000800321c                UART_CheckIdleState
 .text.UART_WaitOnFlagUntilTimeout
                0x00000000080032ac      0x188 ./Drivers/STM32F0xx_HAL_Driver/Src/stm32f0xx_hal_uart.o
                0x00000000080032ac                UART_WaitOnFlagUntilTimeout
 .text.UART_EndRxTransfer
                0x0000000008003434       0xc4 ./Drivers/STM32F0xx_HAL_Driver/Src/stm32f0xx_hal_uart.o
 .text.UART_DMAAbortOnError
                0x00000000080034f8       0x2e ./Drivers/STM32F0xx_HAL_Driver/Src/stm32f0xx_hal_uart.o
 .text.UART_EndTransmit_IT
                0x0000000008003526       0x56 ./Drivers/STM32F0xx_HAL_Driver/Src/stm32f0xx_hal_uart.o
 .text.__libc_init_array
                0x000000000800357c       0x48 c:/st/stm32cubeide_1.8.0/stm32cubeide/plugins/com.st.stm32cube.ide.mcu.externaltools.gnu-tools-for-stm32.10.3-2021.10.win32_1.0.0.202111181127/tools/bin/../lib/gcc/arm-none-eabi/10.3.1/../../../../arm-none-eabi/lib/thumb/v6-m/nofp\libc_nano.a(lib_a-init.o)
                0x000000000800357c                __libc_init_array
 .text.memset   0x00000000080035c4       0x10 c:/st/stm32cubeide_1.8.0/stm32cubeide/plugins/com.st.stm32cube.ide.mcu.externaltools.gnu-tools-for-stm32.10.3-2021.10.win32_1.0.0.202111181127/tools/bin/../lib/gcc/arm-none-eabi/10.3.1/../../../../arm-none-eabi/lib/thumb/v6-m/nofp\libc_nano.a(lib_a-memset.o)
                0x00000000080035c4                memset
 *(.glue_7)
 .glue_7        0x00000000080035d4        0x0 linker stubs
 *(.glue_7t)
 .glue_7t       0x00000000080035d4        0x0 linker stubs
 *(.eh_frame)
 .eh_frame      0x00000000080035d4        0x0 c:/st/stm32cubeide_1.8.0/stm32cubeide/plugins/com.st.stm32cube.ide.mcu.externaltools.gnu-tools-for-stm32.10.3-2021.10.win32_1.0.0.202111181127/tools/bin/../lib/gcc/arm-none-eabi/10.3.1/thumb/v6-m/nofp/crtbegin.o
 *(.init)
 .init          0x00000000080035d4        0x4 c:/st/stm32cubeide_1.8.0/stm32cubeide/plugins/com.st.stm32cube.ide.mcu.externaltools.gnu-tools-for-stm32.10.3-2021.10.win32_1.0.0.202111181127/tools/bin/../lib/gcc/arm-none-eabi/10.3.1/thumb/v6-m/nofp/crti.o
                0x00000000080035d4                _init
 .init          0x00000000080035d8        0x8 c:/st/stm32cubeide_1.8.0/stm32cubeide/plugins/com.st.stm32cube.ide.mcu.externaltools.gnu-tools-for-stm32.10.3-2021.10.win32_1.0.0.202111181127/tools/bin/../lib/gcc/arm-none-eabi/10.3.1/thumb/v6-m/nofp/crtn.o
 *(.fini)
 .fini          0x00000000080035e0        0x4 c:/st/stm32cubeide_1.8.0/stm32cubeide/plugins/com.st.stm32cube.ide.mcu.externaltools.gnu-tools-for-stm32.10.3-2021.10.win32_1.0.0.202111181127/tools/bin/../lib/gcc/arm-none-eabi/10.3.1/thumb/v6-m/nofp/crti.o
                0x00000000080035e0                _fini
 .fini          0x00000000080035e4        0x8 c:/st/stm32cubeide_1.8.0/stm32cubeide/plugins/com.st.stm32cube.ide.mcu.externaltools.gnu-tools-for-stm32.10.3-2021.10.win32_1.0.0.202111181127/tools/bin/../lib/gcc/arm-none-eabi/10.3.1/thumb/v6-m/nofp/crtn.o
                0x00000000080035ec                . = ALIGN (0x4)
                0x00000000080035ec                _etext = .

.vfp11_veneer   0x00000000080035ec        0x0
 .vfp11_veneer  0x00000000080035ec        0x0 linker stubs

.v4_bx          0x00000000080035ec        0x0
 .v4_bx         0x00000000080035ec        0x0 linker stubs

.iplt           0x00000000080035ec        0x0
 .iplt          0x00000000080035ec        0x0 c:/st/stm32cubeide_1.8.0/stm32cubeide/plugins/com.st.stm32cube.ide.mcu.externaltools.gnu-tools-for-stm32.10.3-2021.10.win32_1.0.0.202111181127/tools/bin/../lib/gcc/arm-none-eabi/10.3.1/thumb/v6-m/nofp/crtbegin.o

.rodata         0x00000000080035ec       0x38
                0x00000000080035ec                . = ALIGN (0x4)
 *(.rodata)
 .rodata        0x00000000080035ec       0x20 ./Drivers/STM32F0xx_HAL_Driver/Src/stm32f0xx_hal_rcc.o
 *(.rodata*)
 .rodata.AHBPrescTable
                0x000000000800360c       0x10 ./Core/Src/system_stm32f0xx.o
                0x000000000800360c                AHBPrescTable
 .rodata.APBPrescTable
                0x000000000800361c        0x8 ./Core/Src/system_stm32f0xx.o
                0x000000000800361c                APBPrescTable
                0x0000000008003624                . = ALIGN (0x4)

.rel.dyn        0x0000000008003624        0x0
 .rel.iplt      0x0000000008003624        0x0 c:/st/stm32cubeide_1.8.0/stm32cubeide/plugins/com.st.stm32cube.ide.mcu.externaltools.gnu-tools-for-stm32.10.3-2021.10.win32_1.0.0.202111181127/tools/bin/../lib/gcc/arm-none-eabi/10.3.1/thumb/v6-m/nofp/crtbegin.o

.ARM.extab      0x0000000008003624        0x0
                0x0000000008003624                . = ALIGN (0x4)
 *(.ARM.extab* .gnu.linkonce.armextab.*)
                0x0000000008003624                . = ALIGN (0x4)

.ARM            0x0000000008003624        0x0
                0x0000000008003624                . = ALIGN (0x4)
                0x0000000008003624                __exidx_start = .
 *(.ARM.exidx*)
                0x0000000008003624                __exidx_end = .
                0x0000000008003624                . = ALIGN (0x4)

.preinit_array  0x0000000008003624        0x0
                0x0000000008003624                . = ALIGN (0x4)
                0x0000000008003624                PROVIDE (__preinit_array_start = .)
 *(.preinit_array*)
                0x0000000008003624                PROVIDE (__preinit_array_end = .)
                0x0000000008003624                . = ALIGN (0x4)

.init_array     0x0000000008003624        0x4
                0x0000000008003624                . = ALIGN (0x4)
                0x0000000008003624                PROVIDE (__init_array_start = .)
 *(SORT_BY_NAME(.init_array.*))
 *(.init_array*)
 .init_array    0x0000000008003624        0x4 c:/st/stm32cubeide_1.8.0/stm32cubeide/plugins/com.st.stm32cube.ide.mcu.externaltools.gnu-tools-for-stm32.10.3-2021.10.win32_1.0.0.202111181127/tools/bin/../lib/gcc/arm-none-eabi/10.3.1/thumb/v6-m/nofp/crtbegin.o
                0x0000000008003628                PROVIDE (__init_array_end = .)
                0x0000000008003628                . = ALIGN (0x4)

.fini_array     0x0000000008003628        0x4
                0x0000000008003628                . = ALIGN (0x4)
                [!provide]                        PROVIDE (__fini_array_start = .)
 *(SORT_BY_NAME(.fini_array.*))
 *(.fini_array*)
 .fini_array    0x0000000008003628        0x4 c:/st/stm32cubeide_1.8.0/stm32cubeide/plugins/com.st.stm32cube.ide.mcu.externaltools.gnu-tools-for-stm32.10.3-2021.10.win32_1.0.0.202111181127/tools/bin/../lib/gcc/arm-none-eabi/10.3.1/thumb/v6-m/nofp/crtbegin.o
                [!provide]                        PROVIDE (__fini_array_end = .)
                0x000000000800362c                . = ALIGN (0x4)
                0x000000000800362c                _sidata = LOADADDR (.data)

.data           0x0000000020000000        0xc load address 0x000000000800362c
                0x0000000020000000                . = ALIGN (0x4)
                0x0000000020000000                _sdata = .
 *(.data)
 *(.data*)
 .data.SystemCoreClock
                0x0000000020000000        0x4 ./Core/Src/system_stm32f0xx.o
                0x0000000020000000                SystemCoreClock
 .data.uwTickPrio
                0x0000000020000004        0x4 ./Drivers/STM32F0xx_HAL_Driver/Src/stm32f0xx_hal.o
                0x0000000020000004                uwTickPrio
 .data.uwTickFreq
                0x0000000020000008        0x1 ./Drivers/STM32F0xx_HAL_Driver/Src/stm32f0xx_hal.o
                0x0000000020000008                uwTickFreq
 *(.RamFunc)
 *(.RamFunc*)
                0x000000002000000c                . = ALIGN (0x4)
 *fill*         0x0000000020000009        0x3 
                0x000000002000000c                _edata = .

.igot.plt       0x000000002000000c        0x0 load address 0x0000000008003638
 .igot.plt      0x000000002000000c        0x0 c:/st/stm32cubeide_1.8.0/stm32cubeide/plugins/com.st.stm32cube.ide.mcu.externaltools.gnu-tools-for-stm32.10.3-2021.10.win32_1.0.0.202111181127/tools/bin/../lib/gcc/arm-none-eabi/10.3.1/thumb/v6-m/nofp/crtbegin.o
                0x000000002000000c                . = ALIGN (0x4)

.bss            0x000000002000000c      0x130 load address 0x0000000008003638
                0x000000002000000c                _sbss = .
                0x000000002000000c                __bss_start__ = _sbss
 *(.bss)
 .bss           0x000000002000000c       0x1c c:/st/stm32cubeide_1.8.0/stm32cubeide/plugins/com.st.stm32cube.ide.mcu.externaltools.gnu-tools-for-stm32.10.3-2021.10.win32_1.0.0.202111181127/tools/bin/../lib/gcc/arm-none-eabi/10.3.1/thumb/v6-m/nofp/crtbegin.o
 *(.bss*)
 .bss.hadc      0x0000000020000028       0x40 ./Core/Src/adc.o
                0x0000000020000028                hadc
 .bss.ADCValue  0x0000000020000068        0x2 ./Core/Src/main.o
                0x0000000020000068                ADCValue
 .bss.lowerMessage
                0x000000002000006a        0x1 ./Core/Src/main.o
                0x000000002000006a                lowerMessage
 .bss.upperMessage
                0x000000002000006b        0x1 ./Core/Src/main.o
                0x000000002000006b                upperMessage
 .bss.message   0x000000002000006c        0x3 ./Core/Src/main.o
                0x000000002000006c                message
 *fill*         0x000000002000006f        0x1 
 .bss.huart1    0x0000000020000070       0x84 ./Core/Src/usart.o
                0x0000000020000070                huart1
 .bss.hdma_usart1_rx
                0x00000000200000f4       0x44 ./Core/Src/usart.o
                0x00000000200000f4                hdma_usart1_rx
 .bss.uwTick    0x0000000020000138        0x4 ./Drivers/STM32F0xx_HAL_Driver/Src/stm32f0xx_hal.o
                0x0000000020000138                uwTick
 *(COMMON)
                0x000000002000013c                . = ALIGN (0x4)
                0x000000002000013c                _ebss = .
                0x000000002000013c                __bss_end__ = _ebss

._user_heap_stack
                0x000000002000013c      0x604 load address 0x0000000008003638
                0x0000000020000140                . = ALIGN (0x8)
 *fill*         0x000000002000013c        0x4 
                [!provide]                        PROVIDE (end = .)
                0x0000000020000140                PROVIDE (_end = .)
                0x0000000020000340                . = (. + _Min_Heap_Size)
 *fill*         0x0000000020000140      0x200 
                0x0000000020000740                . = (. + _Min_Stack_Size)
 *fill*         0x0000000020000340      0x400 
                0x0000000020000740                . = ALIGN (0x8)

/DISCARD/
 libc.a(*)
 libm.a(*)
 libgcc.a(*)

.ARM.attributes
                0x0000000000000000       0x28
 *(.ARM.attributes)
 .ARM.attributes
                0x0000000000000000       0x1e c:/st/stm32cubeide_1.8.0/stm32cubeide/plugins/com.st.stm32cube.ide.mcu.externaltools.gnu-tools-for-stm32.10.3-2021.10.win32_1.0.0.202111181127/tools/bin/../lib/gcc/arm-none-eabi/10.3.1/thumb/v6-m/nofp/crti.o
 .ARM.attributes
                0x000000000000001e       0x2c c:/st/stm32cubeide_1.8.0/stm32cubeide/plugins/com.st.stm32cube.ide.mcu.externaltools.gnu-tools-for-stm32.10.3-2021.10.win32_1.0.0.202111181127/tools/bin/../lib/gcc/arm-none-eabi/10.3.1/thumb/v6-m/nofp/crtbegin.o
 .ARM.attributes
                0x000000000000004a       0x2c ./Core/Src/adc.o
 .ARM.attributes
                0x0000000000000076       0x2c ./Core/Src/dma.o
 .ARM.attributes
                0x00000000000000a2       0x2c ./Core/Src/gpio.o
 .ARM.attributes
                0x00000000000000ce       0x2c ./Core/Src/main.o
 .ARM.attributes
                0x00000000000000fa       0x2c ./Core/Src/stm32f0xx_hal_msp.o
 .ARM.attributes
                0x0000000000000126       0x2c ./Core/Src/stm32f0xx_it.o
 .ARM.attributes
                0x0000000000000152       0x2c ./Core/Src/system_stm32f0xx.o
 .ARM.attributes
                0x000000000000017e       0x2c ./Core/Src/usart.o
 .ARM.attributes
                0x00000000000001aa       0x21 ./Core/Startup/startup_stm32f030r8tx.o
 .ARM.attributes
                0x00000000000001cb       0x2c ./Drivers/STM32F0xx_HAL_Driver/Src/stm32f0xx_hal.o
 .ARM.attributes
                0x00000000000001f7       0x2c ./Drivers/STM32F0xx_HAL_Driver/Src/stm32f0xx_hal_adc.o
 .ARM.attributes
                0x0000000000000223       0x2c ./Drivers/STM32F0xx_HAL_Driver/Src/stm32f0xx_hal_adc_ex.o
 .ARM.attributes
                0x000000000000024f       0x2c ./Drivers/STM32F0xx_HAL_Driver/Src/stm32f0xx_hal_cortex.o
 .ARM.attributes
                0x000000000000027b       0x2c ./Drivers/STM32F0xx_HAL_Driver/Src/stm32f0xx_hal_dma.o
 .ARM.attributes
                0x00000000000002a7       0x2c ./Drivers/STM32F0xx_HAL_Driver/Src/stm32f0xx_hal_gpio.o
 .ARM.attributes
                0x00000000000002d3       0x2c ./Drivers/STM32F0xx_HAL_Driver/Src/stm32f0xx_hal_rcc.o
 .ARM.attributes
                0x00000000000002ff       0x2c ./Drivers/STM32F0xx_HAL_Driver/Src/stm32f0xx_hal_rcc_ex.o
 .ARM.attributes
                0x000000000000032b       0x2c ./Drivers/STM32F0xx_HAL_Driver/Src/stm32f0xx_hal_uart.o
 .ARM.attributes
                0x0000000000000357       0x2c c:/st/stm32cubeide_1.8.0/stm32cubeide/plugins/com.st.stm32cube.ide.mcu.externaltools.gnu-tools-for-stm32.10.3-2021.10.win32_1.0.0.202111181127/tools/bin/../lib/gcc/arm-none-eabi/10.3.1/../../../../arm-none-eabi/lib/thumb/v6-m/nofp\libc_nano.a(lib_a-init.o)
 .ARM.attributes
                0x0000000000000383       0x2c c:/st/stm32cubeide_1.8.0/stm32cubeide/plugins/com.st.stm32cube.ide.mcu.externaltools.gnu-tools-for-stm32.10.3-2021.10.win32_1.0.0.202111181127/tools/bin/../lib/gcc/arm-none-eabi/10.3.1/../../../../arm-none-eabi/lib/thumb/v6-m/nofp\libc_nano.a(lib_a-memset.o)
 .ARM.attributes
                0x00000000000003af       0x1e c:/st/stm32cubeide_1.8.0/stm32cubeide/plugins/com.st.stm32cube.ide.mcu.externaltools.gnu-tools-for-stm32.10.3-2021.10.win32_1.0.0.202111181127/tools/bin/../lib/gcc/arm-none-eabi/10.3.1/thumb/v6-m/nofp\libgcc.a(_udivsi3.o)
 .ARM.attributes
                0x00000000000003cd       0x1e c:/st/stm32cubeide_1.8.0/stm32cubeide/plugins/com.st.stm32cube.ide.mcu.externaltools.gnu-tools-for-stm32.10.3-2021.10.win32_1.0.0.202111181127/tools/bin/../lib/gcc/arm-none-eabi/10.3.1/thumb/v6-m/nofp\libgcc.a(_dvmd_tls.o)
 .ARM.attributes
                0x00000000000003eb       0x1e c:/st/stm32cubeide_1.8.0/stm32cubeide/plugins/com.st.stm32cube.ide.mcu.externaltools.gnu-tools-for-stm32.10.3-2021.10.win32_1.0.0.202111181127/tools/bin/../lib/gcc/arm-none-eabi/10.3.1/thumb/v6-m/nofp/crtn.o
OUTPUT(EDU008-temperature-LM35-UART.elf elf32-littlearm)
LOAD linker stubs
LOAD c:/st/stm32cubeide_1.8.0/stm32cubeide/plugins/com.st.stm32cube.ide.mcu.externaltools.gnu-tools-for-stm32.10.3-2021.10.win32_1.0.0.202111181127/tools/bin/../lib/gcc/arm-none-eabi/10.3.1/../../../../arm-none-eabi/lib/thumb/v6-m/nofp\libc.a
LOAD c:/st/stm32cubeide_1.8.0/stm32cubeide/plugins/com.st.stm32cube.ide.mcu.externaltools.gnu-tools-for-stm32.10.3-2021.10.win32_1.0.0.202111181127/tools/bin/../lib/gcc/arm-none-eabi/10.3.1/../../../../arm-none-eabi/lib/thumb/v6-m/nofp\libm.a
LOAD c:/st/stm32cubeide_1.8.0/stm32cubeide/plugins/com.st.stm32cube.ide.mcu.externaltools.gnu-tools-for-stm32.10.3-2021.10.win32_1.0.0.202111181127/tools/bin/../lib/gcc/arm-none-eabi/10.3.1/thumb/v6-m/nofp\libgcc.a

.debug_info     0x0000000000000000     0xa65c
 .debug_info    0x0000000000000000      0x8a3 ./Core/Src/adc.o
 .debug_info    0x00000000000008a3      0x298 ./Core/Src/dma.o
 .debug_info    0x0000000000000b3b      0x34b ./Core/Src/gpio.o
 .debug_info    0x0000000000000e86      0xca6 ./Core/Src/main.o
 .debug_info    0x0000000000001b2c      0x1b8 ./Core/Src/stm32f0xx_hal_msp.o
 .debug_info    0x0000000000001ce4      0x6fa ./Core/Src/stm32f0xx_it.o
 .debug_info    0x00000000000023de      0x269 ./Core/Src/system_stm32f0xx.o
 .debug_info    0x0000000000002647      0xaae ./Core/Src/usart.o
 .debug_info    0x00000000000030f5       0x22 ./Core/Startup/startup_stm32f030r8tx.o
 .debug_info    0x0000000000003117      0x6bb ./Drivers/STM32F0xx_HAL_Driver/Src/stm32f0xx_hal.o
 .debug_info    0x00000000000037d2      0xcf3 ./Drivers/STM32F0xx_HAL_Driver/Src/stm32f0xx_hal_adc.o
 .debug_info    0x00000000000044c5      0x5a4 ./Drivers/STM32F0xx_HAL_Driver/Src/stm32f0xx_hal_adc_ex.o
 .debug_info    0x0000000000004a69      0x6f9 ./Drivers/STM32F0xx_HAL_Driver/Src/stm32f0xx_hal_cortex.o
 .debug_info    0x0000000000005162      0x752 ./Drivers/STM32F0xx_HAL_Driver/Src/stm32f0xx_hal_dma.o
 .debug_info    0x00000000000058b4      0x613 ./Drivers/STM32F0xx_HAL_Driver/Src/stm32f0xx_hal_gpio.o
 .debug_info    0x0000000000005ec7      0x888 ./Drivers/STM32F0xx_HAL_Driver/Src/stm32f0xx_hal_rcc.o
 .debug_info    0x000000000000674f      0x37b ./Drivers/STM32F0xx_HAL_Driver/Src/stm32f0xx_hal_rcc_ex.o
 .debug_info    0x0000000000006aca     0x3b92 ./Drivers/STM32F0xx_HAL_Driver/Src/stm32f0xx_hal_uart.o

.debug_abbrev   0x0000000000000000     0x1e06
 .debug_abbrev  0x0000000000000000      0x1e0 ./Core/Src/adc.o
 .debug_abbrev  0x00000000000001e0       0xf8 ./Core/Src/dma.o
 .debug_abbrev  0x00000000000002d8      0x146 ./Core/Src/gpio.o
 .debug_abbrev  0x000000000000041e      0x241 ./Core/Src/main.o
 .debug_abbrev  0x000000000000065f       0xc2 ./Core/Src/stm32f0xx_hal_msp.o
 .debug_abbrev  0x0000000000000721      0x170 ./Core/Src/stm32f0xx_it.o
 .debug_abbrev  0x0000000000000891      0x116 ./Core/Src/system_stm32f0xx.o
 .debug_abbrev  0x00000000000009a7      0x211 ./Core/Src/usart.o
 .debug_abbrev  0x0000000000000bb8       0x12 ./Core/Startup/startup_stm32f030r8tx.o
 .debug_abbrev  0x0000000000000bca      0x23f ./Drivers/STM32F0xx_HAL_Driver/Src/stm32f0xx_hal.o
 .debug_abbrev  0x0000000000000e09      0x203 ./Drivers/STM32F0xx_HAL_Driver/Src/stm32f0xx_hal_adc.o
 .debug_abbrev  0x000000000000100c      0x131 ./Drivers/STM32F0xx_HAL_Driver/Src/stm32f0xx_hal_adc_ex.o
 .debug_abbrev  0x000000000000113d      0x283 ./Drivers/STM32F0xx_HAL_Driver/Src/stm32f0xx_hal_cortex.o
 .debug_abbrev  0x00000000000013c0      0x1e9 ./Drivers/STM32F0xx_HAL_Driver/Src/stm32f0xx_hal_dma.o
 .debug_abbrev  0x00000000000015a9      0x1bb ./Drivers/STM32F0xx_HAL_Driver/Src/stm32f0xx_hal_gpio.o
 .debug_abbrev  0x0000000000001764      0x283 ./Drivers/STM32F0xx_HAL_Driver/Src/stm32f0xx_hal_rcc.o
 .debug_abbrev  0x00000000000019e7      0x169 ./Drivers/STM32F0xx_HAL_Driver/Src/stm32f0xx_hal_rcc_ex.o
 .debug_abbrev  0x0000000000001b50      0x2b6 ./Drivers/STM32F0xx_HAL_Driver/Src/stm32f0xx_hal_uart.o

.debug_aranges  0x0000000000000000      0x7f0
 .debug_aranges
                0x0000000000000000       0x30 ./Core/Src/adc.o
 .debug_aranges
                0x0000000000000030       0x20 ./Core/Src/dma.o
 .debug_aranges
                0x0000000000000050       0x20 ./Core/Src/gpio.o
 .debug_aranges
                0x0000000000000070       0x40 ./Core/Src/main.o
 .debug_aranges
                0x00000000000000b0       0x20 ./Core/Src/stm32f0xx_hal_msp.o
 .debug_aranges
                0x00000000000000d0       0x50 ./Core/Src/stm32f0xx_it.o
 .debug_aranges
                0x0000000000000120       0x28 ./Core/Src/system_stm32f0xx.o
 .debug_aranges
                0x0000000000000148       0x30 ./Core/Src/usart.o
 .debug_aranges
                0x0000000000000178       0x28 ./Core/Startup/startup_stm32f030r8tx.o
 .debug_aranges
                0x00000000000001a0       0xd0 ./Drivers/STM32F0xx_HAL_Driver/Src/stm32f0xx_hal.o
 .debug_aranges
                0x0000000000000270       0xf8 ./Drivers/STM32F0xx_HAL_Driver/Src/stm32f0xx_hal_adc.o
 .debug_aranges
                0x0000000000000368       0x20 ./Drivers/STM32F0xx_HAL_Driver/Src/stm32f0xx_hal_adc_ex.o
 .debug_aranges
                0x0000000000000388       0xc0 ./Drivers/STM32F0xx_HAL_Driver/Src/stm32f0xx_hal_cortex.o
 .debug_aranges
                0x0000000000000448       0x88 ./Drivers/STM32F0xx_HAL_Driver/Src/stm32f0xx_hal_dma.o
 .debug_aranges
                0x00000000000004d0       0x58 ./Drivers/STM32F0xx_HAL_Driver/Src/stm32f0xx_hal_gpio.o
 .debug_aranges
                0x0000000000000528       0x80 ./Drivers/STM32F0xx_HAL_Driver/Src/stm32f0xx_hal_rcc.o
 .debug_aranges
                0x00000000000005a8       0x30 ./Drivers/STM32F0xx_HAL_Driver/Src/stm32f0xx_hal_rcc_ex.o
 .debug_aranges
                0x00000000000005d8      0x218 ./Drivers/STM32F0xx_HAL_Driver/Src/stm32f0xx_hal_uart.o

.debug_ranges   0x0000000000000000      0x708
 .debug_ranges  0x0000000000000000       0x20 ./Core/Src/adc.o
 .debug_ranges  0x0000000000000020       0x10 ./Core/Src/dma.o
 .debug_ranges  0x0000000000000030       0x10 ./Core/Src/gpio.o
 .debug_ranges  0x0000000000000040       0x30 ./Core/Src/main.o
 .debug_ranges  0x0000000000000070       0x10 ./Core/Src/stm32f0xx_hal_msp.o
 .debug_ranges  0x0000000000000080       0x40 ./Core/Src/stm32f0xx_it.o
 .debug_ranges  0x00000000000000c0       0x18 ./Core/Src/system_stm32f0xx.o
 .debug_ranges  0x00000000000000d8       0x20 ./Core/Src/usart.o
 .debug_ranges  0x00000000000000f8       0x20 ./Core/Startup/startup_stm32f030r8tx.o
 .debug_ranges  0x0000000000000118       0xc0 ./Drivers/STM32F0xx_HAL_Driver/Src/stm32f0xx_hal.o
 .debug_ranges  0x00000000000001d8       0xe8 ./Drivers/STM32F0xx_HAL_Driver/Src/stm32f0xx_hal_adc.o
 .debug_ranges  0x00000000000002c0       0x10 ./Drivers/STM32F0xx_HAL_Driver/Src/stm32f0xx_hal_adc_ex.o
 .debug_ranges  0x00000000000002d0       0xb0 ./Drivers/STM32F0xx_HAL_Driver/Src/stm32f0xx_hal_cortex.o
 .debug_ranges  0x0000000000000380       0x78 ./Drivers/STM32F0xx_HAL_Driver/Src/stm32f0xx_hal_dma.o
 .debug_ranges  0x00000000000003f8       0x48 ./Drivers/STM32F0xx_HAL_Driver/Src/stm32f0xx_hal_gpio.o
 .debug_ranges  0x0000000000000440       0x70 ./Drivers/STM32F0xx_HAL_Driver/Src/stm32f0xx_hal_rcc.o
 .debug_ranges  0x00000000000004b0       0x20 ./Drivers/STM32F0xx_HAL_Driver/Src/stm32f0xx_hal_rcc_ex.o
 .debug_ranges  0x00000000000004d0      0x238 ./Drivers/STM32F0xx_HAL_Driver/Src/stm32f0xx_hal_uart.o

.debug_macro    0x0000000000000000     0xfbd8
 .debug_macro   0x0000000000000000      0x1db ./Core/Src/adc.o
 .debug_macro   0x00000000000001db      0xa4e ./Core/Src/adc.o
 .debug_macro   0x0000000000000c29      0x133 ./Core/Src/adc.o
 .debug_macro   0x0000000000000d5c       0x2e ./Core/Src/adc.o
 .debug_macro   0x0000000000000d8a       0x22 ./Core/Src/adc.o
 .debug_macro   0x0000000000000dac       0x22 ./Core/Src/adc.o
 .debug_macro   0x0000000000000dce       0x8e ./Core/Src/adc.o
 .debug_macro   0x0000000000000e5c       0x51 ./Core/Src/adc.o
 .debug_macro   0x0000000000000ead      0x103 ./Core/Src/adc.o
 .debug_macro   0x0000000000000fb0       0x6a ./Core/Src/adc.o
 .debug_macro   0x000000000000101a      0x1df ./Core/Src/adc.o
 .debug_macro   0x00000000000011f9       0x1c ./Core/Src/adc.o
 .debug_macro   0x0000000000001215       0x22 ./Core/Src/adc.o
 .debug_macro   0x0000000000001237       0xaf ./Core/Src/adc.o
 .debug_macro   0x00000000000012e6      0x391 ./Core/Src/adc.o
 .debug_macro   0x0000000000001677     0x6f40 ./Core/Src/adc.o
 .debug_macro   0x00000000000085b7       0x66 ./Core/Src/adc.o
 .debug_macro   0x000000000000861d     0x34a6 ./Core/Src/adc.o
 .debug_macro   0x000000000000bac3      0x174 ./Core/Src/adc.o
 .debug_macro   0x000000000000bc37       0x55 ./Core/Src/adc.o
 .debug_macro   0x000000000000bc8c      0x924 ./Core/Src/adc.o
 .debug_macro   0x000000000000c5b0      0x17f ./Core/Src/adc.o
 .debug_macro   0x000000000000c72f      0x1af ./Core/Src/adc.o
 .debug_macro   0x000000000000c8de       0xd9 ./Core/Src/adc.o
 .debug_macro   0x000000000000c9b7      0x1a0 ./Core/Src/adc.o
 .debug_macro   0x000000000000cb57      0x1ed ./Core/Src/adc.o
 .debug_macro   0x000000000000cd44       0x34 ./Core/Src/adc.o
 .debug_macro   0x000000000000cd78       0x43 ./Core/Src/adc.o
 .debug_macro   0x000000000000cdbb       0x28 ./Core/Src/adc.o
 .debug_macro   0x000000000000cde3      0x33d ./Core/Src/adc.o
 .debug_macro   0x000000000000d120       0xc2 ./Core/Src/adc.o
 .debug_macro   0x000000000000d1e2       0xb0 ./Core/Src/adc.o
 .debug_macro   0x000000000000d292      0x199 ./Core/Src/adc.o
 .debug_macro   0x000000000000d42b      0x22c ./Core/Src/adc.o
 .debug_macro   0x000000000000d657       0x61 ./Core/Src/adc.o
 .debug_macro   0x000000000000d6b8       0xa5 ./Core/Src/adc.o
 .debug_macro   0x000000000000d75d       0x4c ./Core/Src/adc.o
 .debug_macro   0x000000000000d7a9       0x2b ./Core/Src/adc.o
 .debug_macro   0x000000000000d7d4      0x55f ./Core/Src/adc.o
 .debug_macro   0x000000000000dd33       0x3e ./Core/Src/adc.o
 .debug_macro   0x000000000000dd71       0xff ./Core/Src/adc.o
 .debug_macro   0x000000000000de70       0x10 ./Core/Src/adc.o
 .debug_macro   0x000000000000de80      0x1db ./Core/Src/dma.o
 .debug_macro   0x000000000000e05b      0x1db ./Core/Src/gpio.o
 .debug_macro   0x000000000000e236      0x1fd ./Core/Src/main.o
 .debug_macro   0x000000000000e433      0x1d1 ./Core/Src/stm32f0xx_hal_msp.o
 .debug_macro   0x000000000000e604      0x1db ./Core/Src/stm32f0xx_it.o
 .debug_macro   0x000000000000e7df      0x1c2 ./Core/Src/system_stm32f0xx.o
 .debug_macro   0x000000000000e9a1      0x1db ./Core/Src/usart.o
 .debug_macro   0x000000000000eb7c      0x1e6 ./Drivers/STM32F0xx_HAL_Driver/Src/stm32f0xx_hal.o
 .debug_macro   0x000000000000ed62      0x1e6 ./Drivers/STM32F0xx_HAL_Driver/Src/stm32f0xx_hal_adc.o
 .debug_macro   0x000000000000ef48      0x1ce ./Drivers/STM32F0xx_HAL_Driver/Src/stm32f0xx_hal_adc_ex.o
 .debug_macro   0x000000000000f116      0x1c2 ./Drivers/STM32F0xx_HAL_Driver/Src/stm32f0xx_hal_cortex.o
 .debug_macro   0x000000000000f2d8      0x1c2 ./Drivers/STM32F0xx_HAL_Driver/Src/stm32f0xx_hal_dma.o
 .debug_macro   0x000000000000f49a      0x1c9 ./Drivers/STM32F0xx_HAL_Driver/Src/stm32f0xx_hal_gpio.o
 .debug_macro   0x000000000000f663      0x1d4 ./Drivers/STM32F0xx_HAL_Driver/Src/stm32f0xx_hal_rcc.o
 .debug_macro   0x000000000000f837      0x1c2 ./Drivers/STM32F0xx_HAL_Driver/Src/stm32f0xx_hal_rcc_ex.o
 .debug_macro   0x000000000000f9f9      0x1df ./Drivers/STM32F0xx_HAL_Driver/Src/stm32f0xx_hal_uart.o

.debug_line     0x0000000000000000     0xbf20
 .debug_line    0x0000000000000000      0x757 ./Core/Src/adc.o
 .debug_line    0x0000000000000757      0x6cf ./Core/Src/dma.o
 .debug_line    0x0000000000000e26      0x6e1 ./Core/Src/gpio.o
 .debug_line    0x0000000000001507      0x7e6 ./Core/Src/main.o
 .debug_line    0x0000000000001ced      0x6d3 ./Core/Src/stm32f0xx_hal_msp.o
 .debug_line    0x00000000000023c0      0x768 ./Core/Src/stm32f0xx_it.o
 .debug_line    0x0000000000002b28      0x743 ./Core/Src/system_stm32f0xx.o
 .debug_line    0x000000000000326b      0x769 ./Core/Src/usart.o
 .debug_line    0x00000000000039d4       0x89 ./Core/Startup/startup_stm32f030r8tx.o
 .debug_line    0x0000000000003a5d      0x94e ./Drivers/STM32F0xx_HAL_Driver/Src/stm32f0xx_hal.o
 .debug_line    0x00000000000043ab     0x1169 ./Drivers/STM32F0xx_HAL_Driver/Src/stm32f0xx_hal_adc.o
 .debug_line    0x0000000000005514      0x767 ./Drivers/STM32F0xx_HAL_Driver/Src/stm32f0xx_hal_adc_ex.o
 .debug_line    0x0000000000005c7b      0x9fa ./Drivers/STM32F0xx_HAL_Driver/Src/stm32f0xx_hal_cortex.o
 .debug_line    0x0000000000006675      0xc6a ./Drivers/STM32F0xx_HAL_Driver/Src/stm32f0xx_hal_dma.o
 .debug_line    0x00000000000072df      0xacb ./Drivers/STM32F0xx_HAL_Driver/Src/stm32f0xx_hal_gpio.o
 .debug_line    0x0000000000007daa      0xd3a ./Drivers/STM32F0xx_HAL_Driver/Src/stm32f0xx_hal_rcc.o
 .debug_line    0x0000000000008ae4      0x8ad ./Drivers/STM32F0xx_HAL_Driver/Src/stm32f0xx_hal_rcc_ex.o
 .debug_line    0x0000000000009391     0x2b8f ./Drivers/STM32F0xx_HAL_Driver/Src/stm32f0xx_hal_uart.o

.debug_str      0x0000000000000000    0x5bd50
 .debug_str     0x0000000000000000    0x59d95 ./Core/Src/adc.o
                                      0x5a06a (size before relaxing)
 .debug_str     0x0000000000059d95      0x182 ./Core/Src/dma.o
                                      0x59d4f (size before relaxing)
 .debug_str     0x0000000000059f17       0x68 ./Core/Src/gpio.o
                                      0x59c6a (size before relaxing)
 .debug_str     0x0000000000059f7f      0x4f5 ./Core/Src/main.o
                                      0x5a447 (size before relaxing)
 .debug_str     0x000000000005a474       0x2c ./Core/Src/stm32f0xx_hal_msp.o
                                      0x59b9f (size before relaxing)
 .debug_str     0x000000000005a4a0       0xca ./Core/Src/stm32f0xx_it.o
                                      0x5a017 (size before relaxing)
 .debug_str     0x000000000005a56a       0x8b ./Core/Src/system_stm32f0xx.o
                                      0x59bd3 (size before relaxing)
 .debug_str     0x000000000005a5f5       0x81 ./Core/Src/usart.o
                                      0x5a2bc (size before relaxing)
 .debug_str     0x000000000005a676       0x36 ./Core/Startup/startup_stm32f030r8tx.o
                                         0x74 (size before relaxing)
 .debug_str     0x000000000005a6ac      0x37a ./Drivers/STM32F0xx_HAL_Driver/Src/stm32f0xx_hal.o
                                      0x5a164 (size before relaxing)
 .debug_str     0x000000000005aa26      0x33a ./Drivers/STM32F0xx_HAL_Driver/Src/stm32f0xx_hal_adc.o
                                      0x5a2d0 (size before relaxing)
 .debug_str     0x000000000005ad60       0x8c ./Drivers/STM32F0xx_HAL_Driver/Src/stm32f0xx_hal_adc_ex.o
                                      0x59f5a (size before relaxing)
 .debug_str     0x000000000005adec      0x183 ./Drivers/STM32F0xx_HAL_Driver/Src/stm32f0xx_hal_cortex.o
                                      0x59f55 (size before relaxing)
 .debug_str     0x000000000005af6f      0x1fa ./Drivers/STM32F0xx_HAL_Driver/Src/stm32f0xx_hal_dma.o
                                      0x59f79 (size before relaxing)
 .debug_str     0x000000000005b169      0x10d ./Drivers/STM32F0xx_HAL_Driver/Src/stm32f0xx_hal_gpio.o
                                      0x59d74 (size before relaxing)
 .debug_str     0x000000000005b276      0x21a ./Drivers/STM32F0xx_HAL_Driver/Src/stm32f0xx_hal_rcc.o
                                      0x5a00f (size before relaxing)
 .debug_str     0x000000000005b490       0x97 ./Drivers/STM32F0xx_HAL_Driver/Src/stm32f0xx_hal_rcc_ex.o
                                      0x59d1c (size before relaxing)
 .debug_str     0x000000000005b527      0x829 ./Drivers/STM32F0xx_HAL_Driver/Src/stm32f0xx_hal_uart.o
                                      0x5a8c4 (size before relaxing)

.comment        0x0000000000000000       0x50
 .comment       0x0000000000000000       0x50 ./Core/Src/adc.o
                                         0x51 (size before relaxing)
 .comment       0x0000000000000050       0x51 ./Core/Src/dma.o
 .comment       0x0000000000000050       0x51 ./Core/Src/gpio.o
 .comment       0x0000000000000050       0x51 ./Core/Src/main.o
 .comment       0x0000000000000050       0x51 ./Core/Src/stm32f0xx_hal_msp.o
 .comment       0x0000000000000050       0x51 ./Core/Src/stm32f0xx_it.o
 .comment       0x0000000000000050       0x51 ./Core/Src/system_stm32f0xx.o
 .comment       0x0000000000000050       0x51 ./Core/Src/usart.o
 .comment       0x0000000000000050       0x51 ./Drivers/STM32F0xx_HAL_Driver/Src/stm32f0xx_hal.o
 .comment       0x0000000000000050       0x51 ./Drivers/STM32F0xx_HAL_Driver/Src/stm32f0xx_hal_adc.o
 .comment       0x0000000000000050       0x51 ./Drivers/STM32F0xx_HAL_Driver/Src/stm32f0xx_hal_adc_ex.o
 .comment       0x0000000000000050       0x51 ./Drivers/STM32F0xx_HAL_Driver/Src/stm32f0xx_hal_cortex.o
 .comment       0x0000000000000050       0x51 ./Drivers/STM32F0xx_HAL_Driver/Src/stm32f0xx_hal_dma.o
 .comment       0x0000000000000050       0x51 ./Drivers/STM32F0xx_HAL_Driver/Src/stm32f0xx_hal_gpio.o
 .comment       0x0000000000000050       0x51 ./Drivers/STM32F0xx_HAL_Driver/Src/stm32f0xx_hal_rcc.o
 .comment       0x0000000000000050       0x51 ./Drivers/STM32F0xx_HAL_Driver/Src/stm32f0xx_hal_rcc_ex.o
 .comment       0x0000000000000050       0x51 ./Drivers/STM32F0xx_HAL_Driver/Src/stm32f0xx_hal_uart.o

.debug_frame    0x0000000000000000     0x19ac
 .debug_frame   0x0000000000000000       0x70 ./Core/Src/adc.o
 .debug_frame   0x0000000000000070       0x30 ./Core/Src/dma.o
 .debug_frame   0x00000000000000a0       0x30 ./Core/Src/gpio.o
 .debug_frame   0x00000000000000d0       0xa8 ./Core/Src/main.o
 .debug_frame   0x0000000000000178       0x30 ./Core/Src/stm32f0xx_hal_msp.o
 .debug_frame   0x00000000000001a8       0xd4 ./Core/Src/stm32f0xx_it.o
 .debug_frame   0x000000000000027c       0x4c ./Core/Src/system_stm32f0xx.o
 .debug_frame   0x00000000000002c8       0x6c ./Core/Src/usart.o
 .debug_frame   0x0000000000000334      0x2a4 ./Drivers/STM32F0xx_HAL_Driver/Src/stm32f0xx_hal.o
 .debug_frame   0x00000000000005d8      0x3a0 ./Drivers/STM32F0xx_HAL_Driver/Src/stm32f0xx_hal_adc.o
 .debug_frame   0x0000000000000978       0x30 ./Drivers/STM32F0xx_HAL_Driver/Src/stm32f0xx_hal_adc_ex.o
 .debug_frame   0x00000000000009a8      0x2a0 ./Drivers/STM32F0xx_HAL_Driver/Src/stm32f0xx_hal_cortex.o
 .debug_frame   0x0000000000000c48      0x1d0 ./Drivers/STM32F0xx_HAL_Driver/Src/stm32f0xx_hal_dma.o
 .debug_frame   0x0000000000000e18      0x110 ./Drivers/STM32F0xx_HAL_Driver/Src/stm32f0xx_hal_gpio.o
 .debug_frame   0x0000000000000f28      0x198 ./Drivers/STM32F0xx_HAL_Driver/Src/stm32f0xx_hal_rcc.o
 .debug_frame   0x00000000000010c0       0x70 ./Drivers/STM32F0xx_HAL_Driver/Src/stm32f0xx_hal_rcc_ex.o
 .debug_frame   0x0000000000001130      0x810 ./Drivers/STM32F0xx_HAL_Driver/Src/stm32f0xx_hal_uart.o
 .debug_frame   0x0000000000001940       0x2c c:/st/stm32cubeide_1.8.0/stm32cubeide/plugins/com.st.stm32cube.ide.mcu.externaltools.gnu-tools-for-stm32.10.3-2021.10.win32_1.0.0.202111181127/tools/bin/../lib/gcc/arm-none-eabi/10.3.1/../../../../arm-none-eabi/lib/thumb/v6-m/nofp\libc_nano.a(lib_a-init.o)
 .debug_frame   0x000000000000196c       0x20 c:/st/stm32cubeide_1.8.0/stm32cubeide/plugins/com.st.stm32cube.ide.mcu.externaltools.gnu-tools-for-stm32.10.3-2021.10.win32_1.0.0.202111181127/tools/bin/../lib/gcc/arm-none-eabi/10.3.1/../../../../arm-none-eabi/lib/thumb/v6-m/nofp\libc_nano.a(lib_a-memset.o)
 .debug_frame   0x000000000000198c       0x20 c:/st/stm32cubeide_1.8.0/stm32cubeide/plugins/com.st.stm32cube.ide.mcu.externaltools.gnu-tools-for-stm32.10.3-2021.10.win32_1.0.0.202111181127/tools/bin/../lib/gcc/arm-none-eabi/10.3.1/thumb/v6-m/nofp\libgcc.a(_udivsi3.o)
